>>> bg = BaseGeometry()
>>> bg.area()
Traceback (most recent call last):
    ...
Exception: area() is not implemented

>>> bg.integer_validator("side", 5)
>>> bg.integer_validator("width", -2)
Traceback (most recent call last):
    ...
ValueError: width must be greater than 0

>>> bg.integer_validator("height", "hello")
Traceback (most recent call last):
    ...
TypeError: height must be an integer
